<?xml version="1.0" encoding="UTF-8"?>
<testsuites name="jest tests" tests="38" failures="0" errors="0" time="557.092">
  <testsuite name="Unit suite" errors="0" failures="0" skipped="0" timestamp="2026-10-08T20:32:29" time="555.022" tests="38">
    <testcase classname="Unit suite" name="approval-capture.test.cjs" time="14.861">
    </testcase>
    <testcase classname="Unit suite" name="check-tone.test.cjs" time="5.924">
    </testcase>
    <testcase classname="Unit suite" name="checkpoint-ledger.test.cjs" time="28.298">
    </testcase>
    <testcase classname="Unit suite" name="cluster-merge.test.cjs" time="79.055">
    </testcase>
    <testcase classname="Unit suite" name="context-budget-tech-write.test.cjs" time="5.206">
    </testcase>
    <testcase classname="Unit suite" name="context-budget-wiring.test.cjs" time="0.704">
    </testcase>
    <testcase classname="Unit suite" name="coupling-boundary-validate.test.cjs" time="9.358">
    </testcase>
    <testcase classname="Unit suite" name="coupling-resolution-validate.test.cjs" time="9.032">
    </testcase>
    <testcase classname="Unit suite" name="generation-resolve.test.cjs" time="1.303">
    </testcase>
    <testcase classname="Unit suite" name="graph-derive-documents.test.cjs" time="4.552">
    </testcase>
    <testcase classname="Unit suite" name="graph-extract-edges-single-read.test.cjs" time="8.448">
    </testcase>
    <testcase classname="Unit suite" name="graph-multiroot.test.cjs" time="5.926">
    </testcase>
    <testcase classname="Unit suite" name="intake-verify.test.cjs" time="21.068">
    </testcase>
    <testcase classname="Unit suite" name="knowledge-freshness.test.cjs" time="6.885">
    </testcase>
    <testcase classname="Unit suite" name="migration-gate.test.cjs" time="12.192">
    </testcase>
    <testcase classname="Unit suite" name="migration-retirement.test.cjs" time="0.669">
    </testcase>
    <testcase classname="Unit suite" name="migration-source-detect.test.cjs" time="26.655">
    </testcase>
    <testcase classname="Unit suite" name="migration-specs.test.cjs" time="1.588">
    </testcase>
    <testcase classname="Unit suite" name="replatform-nfr-assess.test.cjs" time="5.13">
    </testcase>
    <testcase classname="Unit suite" name="replatform-plan.test.cjs" time="7.787">
    </testcase>
    <testcase classname="Unit suite" name="repo-detect.test.cjs" time="6.401">
    </testcase>
    <testcase classname="Unit suite" name="research-cache.test.cjs" time="11.102">
    </testcase>
    <testcase classname="Unit suite" name="resolve-migration-roots.test.cjs" time="9.856">
    </testcase>
    <testcase classname="Unit suite" name="rewrite-bal.test.cjs" time="7.023">
    </testcase>
    <testcase classname="Unit suite" name="rewrite-decompose.test.cjs" time="15.219">
    </testcase>
    <testcase classname="Unit suite" name="rule-deploy.test.cjs" time="33.256">
    </testcase>
    <testcase classname="Unit suite" name="setup-init-bootstrap.test.cjs" time="57.985">
    </testcase>
    <testcase classname="Unit suite" name="stack-signals.test.cjs" time="9.724">
    </testcase>
    <testcase classname="Unit suite" name="strategy-resolve.test.cjs" time="22.557">
    </testcase>
    <testcase classname="Unit suite" name="substrate-drift.test.cjs" time="29.187">
    </testcase>
    <testcase classname="Unit suite" name="upgrade-checkpoint.test.cjs" time="28.925">
    </testcase>
    <testcase classname="Unit suite" name="upgrade-classify.test.cjs" time="10.812">
    </testcase>
    <testcase classname="Unit suite" name="upgrade-knowledge-cache.test.cjs" time="21.048">
    </testcase>
    <testcase classname="Unit suite" name="upgrade-orchestrate.test.cjs" time="5.461">
    </testcase>
    <testcase classname="Unit suite" name="upgrade-tool-preflight.test.cjs" time="6.596">
    </testcase>
    <testcase classname="Unit suite" name="validate-iac-findings.test.cjs" time="2.581">
    </testcase>
    <testcase classname="Unit suite" name="validate-sca-findings.test.cjs" time="1.7">
    </testcase>
    <testcase classname="Migration validators" name="migration-validation/run-selftest.cjs" time="13.146">
    </testcase>
  </testsuite>
</testsuites>